2026-08-30 15:07:42 [INFO    ] gestures.swipe — SWIPE detected: swipe_right vx=0.100 vy=0.000
2026-08-30 15:07:42 [INFO    ] gestures.swipe — SWIPE detected: swipe_left vx=-0.100 vy=0.000
2026-08-30 15:07:42 [INFO    ] gestures.swipe — SWIPE detected: swipe_down vx=0.000 vy=0.100
2026-08-30 15:08:05 [INFO    ] controller.windows_input — Screen resolution detected: 1536×864
2026-08-30 15:08:40 [INFO    ] gestures.swipe — SWIPE detected: swipe_right vx=0.100 vy=0.000
2026-08-30 15:08:40 [INFO    ] gestures.swipe — SWIPE detected: swipe_left vx=-0.100 vy=0.000
2026-08-30 15:08:40 [INFO    ] gestures.swipe — SWIPE detected: swipe_down vx=0.000 vy=0.100
2026-08-30 15:08:40 [INFO    ] controller.windows_input — Screen resolution detected: 1536×864
2026-08-30 15:11:52 [INFO    ] controller.windows_input — Screen resolution detected: 1536×864
2026-08-30 15:12:52 [INFO    ] controller.windows_input — Screen resolution detected: 1536×864
2026-08-30 15:12:52 [INFO    ] __main__ — Config loaded from config/config.yaml
2026-08-30 15:12:52 [INFO    ] __main__ — ============================================================
2026-08-30 15:12:52 [INFO    ] __main__ —   Hand Gesture Desktop Controller starting…
2026-08-30 15:12:52 [INFO    ] __main__ — ============================================================
2026-08-30 15:12:56 [INFO    ] vision.camera — Camera 0 started (1280×720)
2026-08-30 15:12:59 [INFO    ] vision.yolo_detector — YOLO device: cpu
2026-08-30 15:13:08 [INFO    ] vision.yolo_detector — Loaded fallback YOLO model: yolo11n.pt  (MediaPipe handles landmarks)
2026-08-30 15:13:08 [ERROR   ] __main__ — Fatal error: module 'mediapipe' has no attribute 'solutions'
Traceback (most recent call last):
  File "E:\motion_detector\app.py", line 397, in main
    app.start()
    ~~~~~~~~~^^
  File "E:\motion_detector\app.py", line 130, in start
    self._tracker = HandTracker(
                    ~~~~~~~~~~~^
        yolo=yolo,
        ^^^^^^^^^^
    ...<3 lines>...
        min_tracking_confidence=mp_cfg.get("min_tracking_confidence", 0.5),
        ^^^^^^^^^^^^^^^^^^^^^^^^^^^^^^^^^^^^^^^^^^^^^^^^^^^^^^^^^^^^^^^^^^^
    )
    ^
  File "E:\motion_detector\vision\hand_tracker.py", line 64, in __init__
    mp_hands = mp.solutions.hands
               ^^^^^^^^^^^^
AttributeError: module 'mediapipe' has no attribute 'solutions'
2026-08-30 15:13:08 [INFO    ] controller.windows_input — Emergency release: all mouse buttons released.
2026-08-30 15:15:04 [INFO    ] vision.yolo_detector — YOLO device: cpu
2026-08-30 15:15:10 [INFO    ] vision.yolo_detector — Loaded fallback YOLO model: yolo11n.pt  (MediaPipe handles landmarks)
2026-08-30 15:17:07 [INFO    ] vision.yolo_detector — YOLO device: cpu
2026-08-30 15:17:11 [INFO    ] vision.yolo_detector — Loaded fallback YOLO model: yolo11n.pt  (MediaPipe handles landmarks)
2026-08-30 15:17:11 [INFO    ] vision.hand_tracker — Downloading hand landmark ONNX model to 'hand_landmark_full.onnx'…
2026-08-30 15:17:12 [ERROR   ] vision.hand_tracker — Download failed for https://github.com/Kazuhito00/mediapipe-python-sample/raw/main/model/hand_landmark/hand_landmark_full.onnx: HTTP Error 404: Not Found
2026-08-30 15:20:30 [INFO    ] vision.yolo_detector — YOLO device: cpu
2026-08-30 15:20:34 [INFO    ] vision.yolo_detector — Loaded fallback YOLO model: yolo11n.pt  (MediaPipe handles landmarks)
2026-08-30 15:20:34 [INFO    ] vision.hand_tracker — TFLite hand landmark model loaded: hand_landmarks_detector.tflite
2026-08-30 15:20:34 [INFO    ] vision.hand_tracker —   lm_idx=165, presence_idx=164
2026-08-30 15:20:56 [INFO    ] vision.hand_tracker — HandTracker closed.
2026-08-30 15:21:10 [INFO    ] controller.windows_input — Screen resolution detected: 1536×864
2026-08-30 15:21:10 [INFO    ] __main__ — Config loaded from config/config.yaml
2026-08-30 15:21:10 [INFO    ] __main__ — ============================================================
2026-08-30 15:21:10 [INFO    ] __main__ —   Hand Gesture Desktop Controller starting…
2026-08-30 15:21:10 [INFO    ] __main__ — ============================================================
2026-08-30 15:21:13 [INFO    ] vision.camera — Camera 0 started (1280×720)
2026-08-30 15:21:16 [INFO    ] vision.yolo_detector — YOLO device: cpu
2026-08-30 15:21:17 [INFO    ] vision.yolo_detector — Loaded fallback YOLO model: yolo11n.pt  (MediaPipe handles landmarks)
2026-08-30 15:21:17 [INFO    ] vision.hand_tracker — TFLite hand landmark model loaded: hand_landmarks_detector.tflite
2026-08-30 15:21:17 [INFO    ] vision.hand_tracker —   lm_idx=165, presence_idx=164
2026-08-30 15:21:17 [INFO    ] communication.websocket_server — WebSocket server starting on ws://127.0.0.1:8765
2026-08-30 15:21:19 [INFO    ] communication.websocket_server — WebSocket server ready on ws://127.0.0.1:8765
2026-08-30 15:21:19 [INFO    ] __main__ — Hotkeys registered: toggle=ctrl+alt+g, emergency=ctrl+alt+x
2026-08-30 15:21:19 [INFO    ] __main__ — System ready. Starting main loop…
2026-08-30 15:28:51 [INFO    ] controller.windows_input — Screen resolution detected: 1536×864
2026-08-30 15:28:51 [INFO    ] __main__ — Config loaded from config/config.yaml
2026-08-30 15:28:51 [INFO    ] __main__ — ============================================================
2026-08-30 15:28:51 [INFO    ] __main__ —   Hand Gesture Desktop Controller starting…
2026-08-30 15:28:51 [INFO    ] __main__ — ============================================================
2026-08-30 15:28:54 [INFO    ] vision.camera — Camera 0 started (1280×720)
2026-08-30 15:28:58 [INFO    ] vision.yolo_detector — YOLO device: cpu
2026-08-30 15:28:59 [INFO    ] vision.yolo_detector — Loaded fallback YOLO model: yolo11n.pt  (MediaPipe handles landmarks)
2026-08-30 15:28:59 [INFO    ] vision.hand_tracker — TFLite hand landmark model loaded: hand_landmarks_detector.tflite
2026-08-30 15:28:59 [INFO    ] vision.hand_tracker —   lm_idx=165, presence_idx=164
2026-08-30 15:28:59 [INFO    ] communication.websocket_server — WebSocket server starting on ws://127.0.0.1:8765
2026-08-30 15:29:00 [INFO    ] communication.websocket_server — WebSocket server ready on ws://127.0.0.1:8765
2026-08-30 15:29:00 [INFO    ] __main__ — Hotkeys registered: toggle=ctrl+alt+g, emergency=ctrl+alt+x
2026-08-30 15:29:00 [INFO    ] __main__ — System ready. Starting main loop…
2026-08-30 15:30:08 [INFO    ] gestures.gesture_engine — Gesture control ENABLED.
2026-08-30 15:30:10 [INFO    ] gestures.gesture_engine — Gesture control ENABLED.
2026-08-30 15:30:11 [INFO    ] gestures.gesture_engine — Gesture control ENABLED.
2026-08-30 15:31:27 [INFO    ] gestures.swipe — SWIPE detected: swipe_down vx=-0.012 vy=0.051
2026-08-30 15:31:31 [WARNING ] gestures.gesture_engine — Hand lost during drag — releasing mouse button.
2026-08-30 15:31:33 [INFO    ] controller.windows_input — Emergency release: all mouse buttons released.
2026-08-30 15:31:33 [WARNING ] gestures.gesture_engine — EMERGENCY STOP triggered!
2026-08-30 15:31:35 [INFO    ] __main__ — Dashboard closed — shutting down.
2026-08-30 15:31:35 [INFO    ] __main__ — Shutting down…
2026-08-30 15:31:35 [INFO    ] controller.windows_input — Emergency release: all mouse buttons released.
2026-08-30 15:31:35 [INFO    ] vision.camera — Camera stopped.
2026-08-30 15:31:35 [INFO    ] vision.hand_tracker — HandTracker closed.
2026-08-30 15:31:35 [INFO    ] communication.websocket_server — WebSocket server stopped.
2026-08-30 15:31:35 [ERROR   ] communication.websocket_server — WebSocket server error: Event loop stopped before Future completed.
2026-08-30 15:31:35 [INFO    ] __main__ — Shutdown complete.
2026-08-30 15:31:40 [ERROR   ] communication.websocket_server — WebSocket serve error: Event loop is closed
2026-08-30 15:32:22 [INFO    ] controller.windows_input — Screen resolution detected: 1536×864
2026-08-30 15:32:22 [INFO    ] __main__ — Config loaded from config/config.yaml
2026-08-30 15:32:22 [INFO    ] __main__ — ============================================================
2026-08-30 15:32:22 [INFO    ] __main__ —   Hand Gesture Desktop Controller starting…
2026-08-30 15:32:22 [INFO    ] __main__ — ============================================================
2026-08-30 15:32:30 [INFO    ] vision.camera — Camera 0 started (1280×720)
2026-08-30 15:32:36 [INFO    ] vision.yolo_detector — YOLO device: cpu
2026-08-30 15:32:49 [INFO    ] vision.yolo_detector — Loaded fallback YOLO model: yolo11n.pt  (MediaPipe handles landmarks)
2026-08-30 15:32:49 [INFO    ] vision.hand_tracker — TFLite hand landmark model loaded: hand_landmarks_detector.tflite
2026-08-30 15:32:49 [INFO    ] vision.hand_tracker —   lm_idx=165, presence_idx=164
2026-08-30 15:32:49 [INFO    ] communication.websocket_server — WebSocket server starting on ws://127.0.0.1:8765
2026-08-30 15:32:49 [INFO    ] communication.websocket_server — WebSocket server ready on ws://127.0.0.1:8765
2026-08-30 15:32:49 [INFO    ] __main__ — Hotkeys registered: toggle=ctrl+alt+g, emergency=ctrl+alt+x
2026-08-30 15:32:49 [INFO    ] __main__ — System ready. Starting main loop…
2026-08-30 15:40:24 [INFO    ] __main__ — Dashboard closed — shutting down.
2026-08-30 15:40:24 [INFO    ] __main__ — Shutting down…
2026-08-30 15:40:24 [INFO    ] controller.windows_input — Emergency release: all mouse buttons released.
2026-08-30 15:40:25 [INFO    ] vision.camera — Camera stopped.
2026-08-30 15:40:25 [INFO    ] vision.hand_tracker — HandTracker closed.
2026-08-30 15:40:25 [INFO    ] communication.websocket_server — WebSocket server stopped.
2026-08-30 15:40:25 [ERROR   ] communication.websocket_server — WebSocket server error: Event loop stopped before Future completed.
2026-08-30 15:40:25 [INFO    ] __main__ — Shutdown complete.
2026-08-30 15:40:31 [ERROR   ] communication.websocket_server — WebSocket serve error: Event loop is closed
2026-08-30 15:41:33 [INFO    ] controller.windows_input — Screen resolution detected: 1536×864
2026-08-30 15:41:34 [INFO    ] __main__ — Config loaded from config/config.yaml
2026-08-30 15:41:34 [INFO    ] __main__ — ============================================================
2026-08-30 15:41:34 [INFO    ] __main__ —   Hand Gesture Desktop Controller starting…
2026-08-30 15:41:34 [INFO    ] __main__ — ============================================================
2026-08-30 15:41:38 [INFO    ] vision.camera — Camera 0 started (1280×720)
2026-08-30 15:41:49 [INFO    ] vision.yolo_detector — YOLO device: cpu
2026-08-30 15:41:50 [INFO    ] vision.yolo_detector — Loaded fallback YOLO model: yolo11n.pt  (MediaPipe handles landmarks)
2026-08-30 15:41:50 [INFO    ] vision.hand_tracker — TFLite hand landmark model loaded: hand_landmarks_detector.tflite
2026-08-30 15:41:50 [INFO    ] vision.hand_tracker —   lm_idx=165, presence_idx=164
2026-08-30 15:41:50 [INFO    ] communication.websocket_server — WebSocket server starting on ws://127.0.0.1:8765
2026-08-30 15:41:51 [INFO    ] communication.websocket_server — WebSocket server ready on ws://127.0.0.1:8765
2026-08-30 15:41:51 [INFO    ] __main__ — Hotkeys registered: toggle=ctrl+alt+g, emergency=ctrl+alt+x
2026-08-30 15:41:51 [INFO    ] __main__ — System ready. Starting processing loop…
2026-08-30 15:42:11 [INFO    ] vision.yolo_detector — YOLO device: cpu
2026-08-30 15:42:13 [INFO    ] vision.yolo_detector — Loaded fallback YOLO model: yolo11n.pt  (MediaPipe handles landmarks)
2026-08-30 15:42:13 [INFO    ] vision.hand_tracker — TFLite hand landmark model loaded: hand_landmarks_detector.tflite
2026-08-30 15:42:13 [INFO    ] vision.hand_tracker —   lm_idx=165, presence_idx=164, smooth_alpha=0.5
2026-08-30 15:42:13 [INFO    ] vision.hand_tracker — HandTracker closed.
2026-08-30 15:45:28 [INFO    ] __main__ — Shutting down…
2026-08-30 15:45:28 [INFO    ] controller.windows_input — Emergency release: all mouse buttons released.
2026-08-30 15:45:28 [INFO    ] vision.camera — Camera stopped.
2026-08-30 15:45:28 [INFO    ] vision.hand_tracker — HandTracker closed.
2026-08-30 15:45:28 [ERROR   ] communication.websocket_server — WebSocket server error: Event loop stopped before Future completed.
2026-08-30 15:45:28 [INFO    ] communication.websocket_server — WebSocket server stopped.
2026-08-30 15:45:28 [INFO    ] __main__ — Shutdown complete.
2026-08-30 15:45:29 [INFO    ] __main__ — Dashboard closed — shutting down.
2026-08-30 15:45:29 [ERROR   ] communication.websocket_server — WebSocket serve error: Event loop is closed
2026-08-30 15:45:36 [INFO    ] controller.windows_input — Screen resolution detected: 1536×864
2026-08-30 15:45:36 [INFO    ] __main__ — Config loaded from config/config.yaml
2026-08-30 15:45:36 [INFO    ] __main__ — ============================================================
2026-08-30 15:45:36 [INFO    ] __main__ —   Hand Gesture Desktop Controller starting…
2026-08-30 15:45:36 [INFO    ] __main__ — ============================================================
2026-08-30 15:45:40 [INFO    ] vision.camera — Camera 0 started (1280×720)
2026-08-30 15:45:45 [INFO    ] vision.yolo_detector — YOLO device: cpu
2026-08-30 15:45:45 [INFO    ] vision.yolo_detector — Loaded fallback YOLO model: yolo11n.pt  (MediaPipe handles landmarks)
2026-08-30 15:45:46 [INFO    ] vision.hand_tracker — TFLite hand landmark model loaded: hand_landmarks_detector.tflite
2026-08-30 15:45:46 [INFO    ] vision.hand_tracker —   lm_idx=165, presence_idx=164, smooth_alpha=0.5
2026-08-30 15:45:46 [INFO    ] communication.websocket_server — WebSocket server starting on ws://127.0.0.1:8765
2026-08-30 15:45:46 [INFO    ] communication.websocket_server — WebSocket server ready on ws://127.0.0.1:8765
2026-08-30 15:45:46 [INFO    ] __main__ — Hotkeys registered: toggle=ctrl+alt+g, emergency=ctrl+alt+x
2026-08-30 15:45:46 [INFO    ] __main__ — System ready. Starting processing loop…
2026-08-30 15:45:46 [INFO    ] __main__ — Dashboard closed — shutting down.
2026-08-30 15:46:11 [INFO    ] gestures.gesture_engine — Gesture control ENABLED.
2026-08-30 15:46:23 [INFO    ] __main__ — Shutting down…
2026-08-30 15:46:23 [INFO    ] controller.windows_input — Emergency release: all mouse buttons released.
2026-08-30 15:46:24 [INFO    ] vision.camera — Camera stopped.
2026-08-30 15:46:24 [INFO    ] vision.hand_tracker — HandTracker closed.
2026-08-30 15:46:24 [ERROR   ] communication.websocket_server — WebSocket server error: Event loop stopped before Future completed.
2026-08-30 15:46:24 [INFO    ] communication.websocket_server — WebSocket server stopped.
2026-08-30 15:46:24 [INFO    ] __main__ — Shutdown complete.
2026-08-30 15:46:25 [ERROR   ] communication.websocket_server — WebSocket serve error: Event loop is closed
2026-08-30 15:46:33 [INFO    ] controller.windows_input — Screen resolution detected: 1536×864
2026-08-30 15:46:34 [INFO    ] __main__ — Config loaded from config/config.yaml
2026-08-30 15:46:34 [INFO    ] __main__ — ============================================================
2026-08-30 15:46:34 [INFO    ] __main__ —   Hand Gesture Desktop Controller starting…
2026-08-30 15:46:34 [INFO    ] __main__ — ============================================================
2026-08-30 15:46:41 [INFO    ] vision.camera — Camera 0 started (1280×720)
2026-08-30 15:46:57 [INFO    ] vision.yolo_detector — YOLO device: cpu
2026-08-30 15:46:59 [INFO    ] vision.yolo_detector — Loaded fallback YOLO model: yolo26n.pt  (MediaPipe handles landmarks)
2026-08-30 15:46:59 [INFO    ] vision.hand_tracker — TFLite hand landmark model loaded: hand_landmarks_detector.tflite
2026-08-30 15:46:59 [INFO    ] vision.hand_tracker —   lm_idx=165, presence_idx=164, smooth_alpha=0.5
2026-08-30 15:46:59 [INFO    ] communication.websocket_server — WebSocket server starting on ws://127.0.0.1:8765
2026-08-30 15:46:59 [INFO    ] communication.websocket_server — WebSocket server ready on ws://127.0.0.1:8765
2026-08-30 15:46:59 [INFO    ] __main__ — Hotkeys registered: toggle=ctrl+alt+g, emergency=ctrl+alt+x
2026-08-30 15:46:59 [INFO    ] __main__ — System ready. Starting processing loop…
2026-08-30 15:47:00 [INFO    ] __main__ — Dashboard closed — shutting down.
2026-08-30 15:48:12 [INFO    ] controller.windows_input — Emergency release: all mouse buttons released.
2026-08-30 15:48:12 [WARNING ] gestures.gesture_engine — EMERGENCY STOP triggered!
2026-08-30 15:48:13 [INFO    ] gestures.gesture_engine — Gesture control DISABLED.
2026-08-30 15:48:13 [INFO    ] gestures.gesture_engine — Gesture control DISABLED.
2026-08-30 15:48:15 [INFO    ] gestures.gesture_engine — Gesture control ENABLED.
2026-08-30 15:48:16 [INFO    ] controller.windows_input — Emergency release: all mouse buttons released.
2026-08-30 15:48:16 [WARNING ] gestures.gesture_engine — EMERGENCY STOP triggered!
2026-08-30 15:48:21 [INFO    ] __main__ — Shutting down…
2026-08-30 15:48:21 [INFO    ] controller.windows_input — Emergency release: all mouse buttons released.
2026-08-30 15:48:22 [INFO    ] vision.camera — Camera stopped.
2026-08-30 15:48:22 [INFO    ] vision.hand_tracker — HandTracker closed.
2026-08-30 15:48:22 [INFO    ] communication.websocket_server — WebSocket server stopped.
2026-08-30 15:48:22 [INFO    ] __main__ — Shutdown complete.
2026-08-30 15:48:22 [ERROR   ] communication.websocket_server — WebSocket server error: Event loop stopped before Future completed.
2026-08-30 15:48:22 [ERROR   ] communication.websocket_server — WebSocket serve error: Event loop is closed
2026-08-30 15:49:11 [INFO    ] controller.windows_input — Screen resolution detected: 1536×864
2026-08-30 15:49:12 [INFO    ] __main__ — Config loaded from config/config.yaml
2026-08-30 15:49:12 [INFO    ] __main__ — ============================================================
2026-08-30 15:49:12 [INFO    ] __main__ —   Hand Gesture Desktop Controller starting…
2026-08-30 15:49:12 [INFO    ] __main__ — ============================================================
2026-08-30 15:49:16 [INFO    ] vision.camera — Camera 0 started (1280×720)
2026-08-30 15:49:22 [INFO    ] vision.yolo_detector — YOLO device: cpu
2026-08-30 15:49:23 [INFO    ] vision.yolo_detector — Loaded YOLO26 fallback model: yolo26n.pt  (NMS-free, STAL small-object detection)
2026-08-30 15:49:23 [INFO    ] vision.hand_tracker — TFLite hand landmark model loaded: hand_landmarks_detector.tflite
2026-08-30 15:49:23 [INFO    ] vision.hand_tracker —   lm_idx=165, presence_idx=164, smooth_alpha=0.5
2026-08-30 15:49:23 [INFO    ] communication.websocket_server — WebSocket server starting on ws://127.0.0.1:8765
2026-08-30 15:49:23 [INFO    ] communication.websocket_server — WebSocket server ready on ws://127.0.0.1:8765
2026-08-30 15:49:23 [INFO    ] __main__ — Hotkeys registered: toggle=ctrl+alt+g, emergency=ctrl+alt+x
2026-08-30 15:49:23 [INFO    ] __main__ — System ready. Starting processing loop…
2026-08-30 15:49:24 [INFO    ] __main__ — Dashboard closed — shutting down.
2026-08-30 15:49:45 [INFO    ] __main__ — Shutting down…
2026-08-30 15:49:45 [INFO    ] controller.windows_input — Emergency release: all mouse buttons released.
2026-08-30 15:49:46 [INFO    ] vision.camera — Camera stopped.
2026-08-30 15:49:46 [INFO    ] vision.hand_tracker — HandTracker closed.
2026-08-30 15:49:46 [INFO    ] communication.websocket_server — WebSocket server stopped.
2026-08-30 15:49:46 [INFO    ] __main__ — Shutdown complete.
2026-08-30 15:49:46 [ERROR   ] communication.websocket_server — WebSocket server error: Event loop stopped before Future completed.
2026-08-30 15:49:46 [ERROR   ] communication.websocket_server — WebSocket serve error: Event loop is closed
2026-08-30 15:49:56 [INFO    ] controller.windows_input — Screen resolution detected: 1536×864
2026-08-30 15:49:56 [INFO    ] __main__ — Config loaded from config/config.yaml
2026-08-30 15:49:56 [INFO    ] __main__ — ============================================================
2026-08-30 15:49:56 [INFO    ] __main__ —   Hand Gesture Desktop Controller starting…
2026-08-30 15:49:56 [INFO    ] __main__ — ============================================================
2026-08-30 15:49:59 [INFO    ] vision.camera — Camera 0 started (1280×720)
2026-08-30 15:50:05 [INFO    ] vision.yolo_detector — YOLO device: cpu
2026-08-30 15:50:06 [INFO    ] vision.yolo_detector — Loaded YOLO26 fallback model: yolo26n.pt  (NMS-free, STAL small-object detection)
2026-08-30 15:50:06 [INFO    ] vision.hand_tracker — TFLite hand landmark model loaded: hand_landmarks_detector.tflite
2026-08-30 15:50:06 [INFO    ] vision.hand_tracker —   lm_idx=165, presence_idx=164, smooth_alpha=0.5
2026-08-30 15:50:06 [INFO    ] communication.websocket_server — WebSocket server starting on ws://127.0.0.1:8765
2026-08-30 15:50:06 [INFO    ] communication.websocket_server — WebSocket server ready on ws://127.0.0.1:8765
2026-08-30 15:50:06 [INFO    ] __main__ — Hotkeys registered: toggle=ctrl+alt+g, emergency=ctrl+alt+x
2026-08-30 15:50:07 [INFO    ] __main__ — System ready. Starting processing loop…
2026-08-30 15:50:07 [INFO    ] __main__ — Dashboard closed — shutting down.
2026-08-30 15:52:12 [INFO    ] __main__ — Shutting down…
2026-08-30 15:52:12 [INFO    ] controller.windows_input — Emergency release: all mouse buttons released.
2026-08-30 15:52:12 [INFO    ] vision.camera — Camera stopped.
2026-08-30 15:52:12 [INFO    ] vision.hand_tracker — HandTracker closed.
2026-08-30 15:52:12 [INFO    ] communication.websocket_server — WebSocket server stopped.
2026-08-30 15:52:12 [ERROR   ] communication.websocket_server — WebSocket server error: Event loop stopped before Future completed.
2026-08-30 15:52:12 [INFO    ] __main__ — Shutdown complete.
2026-08-30 15:52:13 [ERROR   ] communication.websocket_server — WebSocket serve error: Event loop is closed
2026-08-30 15:56:12 [INFO    ] vision.yolo_detector — YOLO device: cpu
2026-08-30 15:56:27 [INFO    ] vision.yolo_detector — Loaded YOLO26 fallback model: yolo11n.pt  (NMS-free, STAL small-object detection)
2026-08-30 15:56:27 [INFO    ] vision.hand_tracker — TFLite hand landmark model loaded: hand_landmarks_detector.tflite
2026-08-30 15:56:27 [INFO    ] vision.hand_tracker —   lm_idx=165, presence_idx=164, smooth_alpha=0.5
2026-08-30 15:56:27 [INFO    ] vision.hand_tracker — HandTracker closed.
2026-08-30 15:56:54 [INFO    ] controller.windows_input — Screen resolution detected: 1536×864
2026-08-30 15:56:54 [INFO    ] __main__ — Config loaded from config/config.yaml
2026-08-30 15:56:54 [INFO    ] __main__ — ============================================================
2026-08-30 15:56:54 [INFO    ] __main__ —   Hand Gesture Desktop Controller starting…
2026-08-30 15:56:54 [INFO    ] __main__ — ============================================================
2026-08-30 15:56:57 [INFO    ] vision.camera — Camera 0 started (1280×720)
2026-08-30 15:57:01 [INFO    ] vision.yolo_detector — YOLO device: cpu
2026-08-30 15:57:02 [INFO    ] vision.yolo_detector — Loaded YOLO26 fallback model: yolo26n.pt  (NMS-free, STAL small-object detection)
2026-08-30 15:57:02 [INFO    ] vision.hand_tracker — TFLite hand landmark model loaded: hand_landmarks_detector.tflite
2026-08-30 15:57:02 [INFO    ] vision.hand_tracker —   lm_idx=165, presence_idx=164, smooth_alpha=0.5
2026-08-30 15:57:02 [INFO    ] communication.websocket_server — WebSocket server starting on ws://127.0.0.1:8765
2026-08-30 15:57:02 [INFO    ] communication.websocket_server — WebSocket server ready on ws://127.0.0.1:8765
2026-08-30 15:57:02 [INFO    ] __main__ — Hotkeys registered: toggle=ctrl+alt+g, emergency=ctrl+alt+x
2026-08-30 15:57:03 [INFO    ] __main__ — System ready. Starting processing loop…
2026-08-30 15:57:03 [INFO    ] __main__ — Dashboard closed — shutting down.
2026-08-30 16:00:02 [INFO    ] gestures.gesture_engine — Gesture control ENABLED.
2026-08-30 16:00:03 [INFO    ] gestures.gesture_engine — Gesture control ENABLED.
2026-08-30 16:00:04 [INFO    ] gestures.gesture_engine — Gesture control ENABLED.
2026-08-30 16:00:05 [INFO    ] controller.windows_input — Emergency release: all mouse buttons released.
2026-08-30 16:00:05 [WARNING ] gestures.gesture_engine — EMERGENCY STOP triggered!
2026-08-30 16:00:10 [INFO    ] __main__ — Interrupt received — stopping.
2026-08-30 16:00:13 [INFO    ] __main__ — Interrupt received — stopping.
2026-08-30 16:00:14 [INFO    ] __main__ — Interrupt received — stopping.
2026-08-30 16:00:23 [INFO    ] __main__ — Shutting down…
2026-08-30 16:00:23 [INFO    ] controller.windows_input — Emergency release: all mouse buttons released.
2026-08-30 16:00:23 [INFO    ] vision.camera — Camera stopped.
2026-08-30 16:00:24 [INFO    ] vision.hand_tracker — HandTracker closed.
2026-08-30 16:00:24 [INFO    ] communication.websocket_server — WebSocket server stopped.
2026-08-30 16:00:24 [ERROR   ] communication.websocket_server — WebSocket server error: Event loop stopped before Future completed.
2026-08-30 16:00:24 [INFO    ] __main__ — Shutdown complete.
2026-08-30 16:02:51 [INFO    ] controller.windows_input — Screen resolution detected: 1536×864
2026-08-30 16:02:58 [INFO    ] __main__ — Config loaded from config/config.yaml
2026-08-30 16:02:58 [INFO    ] __main__ — ============================================================
2026-08-30 16:02:58 [INFO    ] __main__ —   Hand Gesture Desktop Controller starting…
2026-08-30 16:02:58 [INFO    ] __main__ — ============================================================
2026-08-30 16:03:15 [INFO    ] vision.camera — Camera 0 started (1280×720)
2026-08-30 16:03:26 [INFO    ] vision.yolo_detector — YOLO device: cpu
2026-08-30 16:03:31 [INFO    ] vision.yolo_detector — Loaded YOLO26 fallback model: yolo26n.pt  (NMS-free, STAL small-object detection)
2026-08-30 16:03:31 [INFO    ] vision.yolo_detector — YOLO async inference thread started.
2026-08-30 16:03:31 [INFO    ] vision.hand_tracker — TFLite hand landmark model loaded: hand_landmarks_detector.tflite
2026-08-30 16:03:31 [INFO    ] vision.hand_tracker —   lm_idx=165, presence_idx=164, smooth_alpha=0.5
2026-08-30 16:03:31 [INFO    ] communication.websocket_server — WebSocket server starting on ws://127.0.0.1:8765
2026-08-30 16:03:32 [INFO    ] communication.websocket_server — WebSocket server ready on ws://127.0.0.1:8765
2026-08-30 16:03:32 [INFO    ] __main__ — Hotkeys registered: toggle=ctrl+alt+g, emergency=ctrl+alt+x
2026-08-30 16:03:33 [INFO    ] __main__ — System ready. Starting processing loop…
2026-08-30 16:03:33 [INFO    ] __main__ — Dashboard closed — shutting down.
2026-08-30 16:03:40 [INFO    ] vision.yolo_detector — YOLO device: cpu
2026-08-30 16:03:50 [INFO    ] vision.yolo_detector — Loaded YOLO26 fallback model: yolo26n.pt  (NMS-free, STAL small-object detection)
2026-08-30 16:03:50 [INFO    ] vision.yolo_detector — YOLO async inference thread started.
2026-08-30 16:03:51 [INFO    ] vision.hand_tracker — TFLite hand landmark model loaded: hand_landmarks_detector.tflite
2026-08-30 16:03:51 [INFO    ] vision.hand_tracker —   lm_idx=165, presence_idx=164, smooth_alpha=0.5
2026-08-30 16:03:52 [INFO    ] vision.hand_tracker — HandTracker closed.
2026-08-30 16:04:48 [INFO    ] __main__ — Shutting down…
2026-08-30 16:04:48 [INFO    ] controller.windows_input — Emergency release: all mouse buttons released.
2026-08-30 16:04:49 [INFO    ] vision.camera — Camera stopped.
2026-08-30 16:04:49 [INFO    ] vision.hand_tracker — HandTracker closed.
2026-08-30 16:04:49 [INFO    ] communication.websocket_server — WebSocket server stopped.
2026-08-30 16:04:49 [ERROR   ] communication.websocket_server — WebSocket server error: Event loop stopped before Future completed.
2026-08-30 16:04:49 [INFO    ] __main__ — Shutdown complete.
2026-08-30 16:06:59 [INFO    ] controller.windows_input — Screen resolution detected: 1536×864
2026-08-30 16:06:59 [INFO    ] __main__ — Config loaded from config/config.yaml
2026-08-30 16:06:59 [INFO    ] __main__ — ============================================================
2026-08-30 16:06:59 [INFO    ] __main__ —   Hand Gesture Desktop Controller starting…
2026-08-30 16:06:59 [INFO    ] __main__ — ============================================================
2026-08-30 16:07:02 [INFO    ] vision.camera — Camera 0 started (1280×720)
2026-08-30 16:07:08 [INFO    ] vision.yolo_detector — YOLO device: cpu
2026-08-30 16:07:08 [INFO    ] vision.yolo_detector — Loaded YOLO26 fallback model: yolo26n.pt  (NMS-free, STAL small-object detection)
2026-08-30 16:07:08 [INFO    ] vision.yolo_detector — YOLO async inference thread started.
2026-08-30 16:07:09 [INFO    ] vision.hand_tracker — TFLite hand landmark model loaded: hand_landmarks_detector.tflite
2026-08-30 16:07:09 [INFO    ] vision.hand_tracker —   lm_idx=165, presence_idx=164, smooth_alpha=0.5
2026-08-30 16:07:09 [INFO    ] communication.websocket_server — WebSocket server starting on ws://127.0.0.1:8765
2026-08-30 16:07:09 [INFO    ] __main__ — Hotkeys registered: toggle=ctrl+alt+g, emergency=ctrl+alt+x
1:8765
2026-08-30 16:07:09 [INFO    ] __main__ — System ready. Starting processing loop…
2026-08-30 16:07:09 [INFO    ] __main__ — Dashboard closed — shutting down.
2026-08-30 16:07:49 [INFO    ] gestures.gesture_engine — Gesture control ENABLED.
2026-08-30 16:07:49 [INFO    ] gestures.gesture_engine — Gesture control ENABLED.
2026-08-30 16:07:50 [INFO    ] gestures.gesture_engine — Gesture control ENABLED.
2026-08-30 16:08:12 [INFO    ] __main__ — Shutting down…
2026-08-30 16:08:12 [INFO    ] controller.windows_input — Emergency release: all mouse buttons released.
2026-08-30 16:08:12 [INFO    ] vision.camera — Camera stopped.
2026-08-30 16:08:13 [INFO    ] vision.hand_tracker — HandTracker closed.
2026-08-30 16:08:13 [ERROR   ] communication.websocket_server — WebSocket server error: Event loop stopped before Future completed.
2026-08-30 16:08:13 [INFO    ] communication.websocket_server — WebSocket server stopped.
2026-08-30 16:08:13 [INFO    ] __main__ — Shutdown complete.
2026-08-30 16:08:32 [INFO    ] controller.windows_input — Screen resolution detected: 1536×864
2026-08-30 16:08:32 [INFO    ] __main__ — Config loaded from config/config.yaml
2026-08-30 16:08:32 [INFO    ] __main__ — ============================================================
2026-08-30 16:08:32 [INFO    ] __main__ —   Hand Gesture Desktop Controller starting…
2026-08-30 16:08:32 [INFO    ] __main__ — ============================================================
2026-08-30 16:08:36 [INFO    ] vision.camera — Camera 0 started (1280×720)
2026-08-30 16:08:45 [INFO    ] vision.yolo_detector — YOLO device: cpu
2026-08-30 16:08:46 [INFO    ] vision.yolo_detector — Loaded YOLO26 fallback model: yolo26n.pt  (NMS-free, STAL small-object detection)
2026-08-30 16:08:46 [INFO    ] vision.yolo_detector — YOLO async inference thread started.
2026-08-30 16:08:46 [INFO    ] vision.hand_tracker — TFLite hand landmark model loaded: hand_landmarks_detector.tflite
2026-08-30 16:08:46 [INFO    ] vision.hand_tracker —   lm_idx=165, presence_idx=164, smooth_alpha=0.5
2026-08-30 16:08:46 [INFO    ] communication.websocket_server — WebSocket server starting on ws://127.0.0.1:8765
2026-08-30 16:08:47 [INFO    ] communication.websocket_server — WebSocket server ready on ws://127.0.0.1:8765
2026-08-30 16:08:47 [INFO    ] __main__ — Hotkeys registered: toggle=ctrl+alt+g, emergency=ctrl+alt+x
2026-08-30 16:08:47 [INFO    ] __main__ — System ready. Starting processing loop…
2026-08-30 16:08:47 [INFO    ] __main__ — Dashboard closed — shutting down.
2026-08-30 16:09:19 [INFO    ] __main__ — Shutting down…
2026-08-30 16:09:19 [INFO    ] controller.windows_input — Emergency release: all mouse buttons released.
2026-08-30 16:09:19 [INFO    ] vision.camera — Camera stopped.
2026-08-30 16:09:20 [INFO    ] vision.hand_tracker — HandTracker closed.
2026-08-30 16:09:20 [INFO    ] communication.websocket_server — WebSocket server stopped.
2026-08-30 16:09:20 [ERROR   ] communication.websocket_server — WebSocket server error: Event loop stopped before Future completed.
2026-08-30 16:09:20 [INFO    ] __main__ — Shutdown complete.
2026-08-30 16:09:36 [INFO    ] controller.windows_input — Screen resolution detected: 1536×864
2026-08-30 16:09:37 [INFO    ] __main__ — Config loaded from config/config.yaml
2026-08-30 16:09:37 [INFO    ] __main__ — ============================================================
2026-08-30 16:09:37 [INFO    ] __main__ —   Hand Gesture Desktop Controller starting…
2026-08-30 16:09:37 [INFO    ] __main__ — ============================================================
2026-08-30 16:09:40 [INFO    ] vision.camera — Camera 0 started (1280×720)
2026-08-30 16:09:43 [INFO    ] vision.yolo_detector — YOLO device: cpu
2026-08-30 16:09:44 [INFO    ] vision.yolo_detector — Loaded YOLO26 fallback model: yolo26n.pt  (NMS-free, STAL small-object detection)
2026-08-30 16:09:44 [INFO    ] vision.yolo_detector — YOLO async inference thread started.
2026-08-30 16:09:44 [INFO    ] vision.hand_tracker — TFLite hand landmark model loaded: hand_landmarks_detector.tflite
2026-08-30 16:09:44 [INFO    ] vision.hand_tracker —   lm_idx=165, presence_idx=164, smooth_alpha=0.5
2026-08-30 16:09:44 [INFO    ] communication.websocket_server — WebSocket server starting on ws://127.0.0.1:8765
2026-08-30 16:09:44 [INFO    ] communication.websocket_server — WebSocket server ready on ws://127.0.0.1:8765
2026-08-30 16:09:44 [INFO    ] __main__ — Hotkeys registered: toggle=ctrl+alt+g, emergency=ctrl+alt+x
2026-08-30 16:09:44 [INFO    ] __main__ — System ready. Starting processing loop…
2026-08-30 16:09:44 [INFO    ] __main__ — Dashboard closed — shutting down.
2026-08-30 16:10:17 [INFO    ] __main__ — Shutting down…
2026-08-30 16:10:18 [INFO    ] controller.windows_input — Emergency release: all mouse buttons released.
2026-08-30 16:10:19 [INFO    ] vision.camera — Camera stopped.
2026-08-30 16:10:19 [INFO    ] vision.hand_tracker — HandTracker closed.
2026-08-30 16:10:19 [ERROR   ] communication.websocket_server — WebSocket server error: Event loop stopped before Future completed.
2026-08-30 16:10:19 [INFO    ] communication.websocket_server — WebSocket server stopped.
2026-08-30 16:10:19 [INFO    ] __main__ — Shutdown complete.
